[2020-02-05T17:54:56.206+0200][gc,heap] Heap region size: 1M
[2020-02-05T17:54:56.219+0200][gc     ] Using G1
[2020-02-05T17:54:56.219+0200][gc,heap,coops] Heap address: 0x00000000c0000000, size: 1024 MB, Compressed Oops mode: 32-bit
[2020-02-05T17:54:56.219+0200][gc,cds       ] Mark closed archive regions in map: [0x00000000fff00000, 0x00000000fff69ff8]
[2020-02-05T17:54:56.219+0200][gc,cds       ] Mark open archive regions in map: [0x00000000ffe00000, 0x00000000ffe46ff8]
[2020-02-05T17:54:58.017+0200][gc,start     ] GC(0) Pause Young (Normal) (G1 Evacuation Pause)
[2020-02-05T17:54:58.018+0200][gc,task      ] GC(0) Using 4 workers of 4 for evacuation
[2020-02-05T17:54:58.031+0200][gc,phases    ] GC(0)   Pre Evacuate Collection Set: 0,0ms
[2020-02-05T17:54:58.031+0200][gc,phases    ] GC(0)   Evacuate Collection Set: 12,3ms
[2020-02-05T17:54:58.031+0200][gc,phases    ] GC(0)   Post Evacuate Collection Set: 0,9ms
[2020-02-05T17:54:58.031+0200][gc,phases    ] GC(0)   Other: 1,1ms
[2020-02-05T17:54:58.031+0200][gc,heap      ] GC(0) Eden regions: 51->0(45)
[2020-02-05T17:54:58.031+0200][gc,heap      ] GC(0) Survivor regions: 0->6(7)
[2020-02-05T17:54:58.031+0200][gc,heap      ] GC(0) Old regions: 2->2
[2020-02-05T17:54:58.031+0200][gc,heap      ] GC(0) Humongous regions: 0->0
[2020-02-05T17:54:58.031+0200][gc,metaspace ] GC(0) Metaspace: 16971K->16971K(1064960K)
[2020-02-05T17:54:58.031+0200][gc           ] GC(0) Pause Young (Normal) (G1 Evacuation Pause) 51M->6M(1024M) 14,372ms
[2020-02-05T17:54:58.031+0200][gc,cpu       ] GC(0) User=0,05s Sys=0,01s Real=0,02s
[2020-02-05T17:54:58.416+0200][gc,start     ] GC(1) Pause Young (Concurrent Start) (Metadata GC Threshold)
[2020-02-05T17:54:58.416+0200][gc,task      ] GC(1) Using 4 workers of 4 for evacuation
[2020-02-05T17:54:58.430+0200][gc,phases    ] GC(1)   Pre Evacuate Collection Set: 0,1ms
[2020-02-05T17:54:58.430+0200][gc,phases    ] GC(1)   Evacuate Collection Set: 12,4ms
[2020-02-05T17:54:58.430+0200][gc,phases    ] GC(1)   Post Evacuate Collection Set: 0,6ms
[2020-02-05T17:54:58.430+0200][gc,phases    ] GC(1)   Other: 0,3ms
[2020-02-05T17:54:58.430+0200][gc,heap      ] GC(1) Eden regions: 15->0(49)
[2020-02-05T17:54:58.430+0200][gc,heap      ] GC(1) Survivor regions: 6->2(7)
[2020-02-05T17:54:58.430+0200][gc,heap      ] GC(1) Old regions: 2->8
[2020-02-05T17:54:58.430+0200][gc,heap      ] GC(1) Humongous regions: 129->129
[2020-02-05T17:54:58.430+0200][gc,metaspace ] GC(1) Metaspace: 20496K->20496K(1067008K)
[2020-02-05T17:54:58.430+0200][gc           ] GC(1) Pause Young (Concurrent Start) (Metadata GC Threshold) 150M->137M(1024M) 13,420ms
[2020-02-05T17:54:58.430+0200][gc,cpu       ] GC(1) User=0,05s Sys=0,00s Real=0,02s
[2020-02-05T17:54:58.430+0200][gc           ] GC(2) Concurrent Cycle
[2020-02-05T17:54:58.430+0200][gc,marking   ] GC(2) Concurrent Clear Claimed Marks
[2020-02-05T17:54:58.430+0200][gc,marking   ] GC(2) Concurrent Clear Claimed Marks 0,095ms
[2020-02-05T17:54:58.430+0200][gc,marking   ] GC(2) Concurrent Scan Root Regions
[2020-02-05T17:54:58.431+0200][gc,marking   ] GC(2) Concurrent Scan Root Regions 1,011ms
[2020-02-05T17:54:58.431+0200][gc,marking   ] GC(2) Concurrent Mark (2,230s)
[2020-02-05T17:54:58.431+0200][gc,marking   ] GC(2) Concurrent Mark From Roots
[2020-02-05T17:54:58.431+0200][gc,task      ] GC(2) Using 1 workers of 1 for marking
[2020-02-05T17:54:58.444+0200][gc,marking   ] GC(2) Concurrent Mark From Roots 12,881ms
[2020-02-05T17:54:58.444+0200][gc,marking   ] GC(2) Concurrent Preclean
[2020-02-05T17:54:58.444+0200][gc,marking   ] GC(2) Concurrent Preclean 0,136ms
[2020-02-05T17:54:58.444+0200][gc,marking   ] GC(2) Concurrent Mark (2,230s, 2,243s) 13,099ms
[2020-02-05T17:54:58.444+0200][gc,start     ] GC(2) Pause Remark
[2020-02-05T17:54:58.447+0200][gc,stringtable] GC(2) Cleaned string and symbol table, strings: 4841 processed, 0 removed, symbols: 50152 processed, 44 removed
[2020-02-05T17:54:58.448+0200][gc            ] GC(2) Pause Remark 138M->138M(1024M) 3,455ms
[2020-02-05T17:54:58.448+0200][gc,cpu        ] GC(2) User=0,01s Sys=0,00s Real=0,00s
[2020-02-05T17:54:58.448+0200][gc,marking    ] GC(2) Concurrent Rebuild Remembered Sets
[2020-02-05T17:54:58.454+0200][gc,marking    ] GC(2) Concurrent Rebuild Remembered Sets 6,136ms
[2020-02-05T17:54:58.454+0200][gc,start      ] GC(2) Pause Cleanup
[2020-02-05T17:54:58.455+0200][gc            ] GC(2) Pause Cleanup 138M->138M(1024M) 0,183ms
[2020-02-05T17:54:58.455+0200][gc,cpu        ] GC(2) User=0,00s Sys=0,00s Real=0,00s
[2020-02-05T17:54:58.455+0200][gc,marking    ] GC(2) Concurrent Cleanup for Next Mark
[2020-02-05T17:54:58.462+0200][gc,marking    ] GC(2) Concurrent Cleanup for Next Mark 7,772ms
[2020-02-05T17:54:58.462+0200][gc            ] GC(2) Concurrent Cycle 32,572ms
[2020-02-05T18:06:13.444+0200][gc,start      ] GC(3) Pause Young (Normal) (G1 Evacuation Pause)
[2020-02-05T18:06:13.444+0200][gc,task       ] GC(3) Using 4 workers of 4 for evacuation
[2020-02-05T18:06:13.455+0200][gc,phases     ] GC(3)   Pre Evacuate Collection Set: 0,1ms
[2020-02-05T18:06:13.455+0200][gc,phases     ] GC(3)   Evacuate Collection Set: 9,9ms
[2020-02-05T18:06:13.455+0200][gc,phases     ] GC(3)   Post Evacuate Collection Set: 0,9ms
[2020-02-05T18:06:13.455+0200][gc,phases     ] GC(3)   Other: 0,3ms
[2020-02-05T18:06:13.455+0200][gc,heap       ] GC(3) Eden regions: 49->0(46)
[2020-02-05T18:06:13.455+0200][gc,heap       ] GC(3) Survivor regions: 2->5(7)
[2020-02-05T18:06:13.455+0200][gc,heap       ] GC(3) Old regions: 8->8
[2020-02-05T18:06:13.455+0200][gc,heap       ] GC(3) Humongous regions: 129->129
[2020-02-05T18:06:13.455+0200][gc,metaspace  ] GC(3) Metaspace: 29090K->29090K(1075200K)
[2020-02-05T18:06:13.455+0200][gc            ] GC(3) Pause Young (Normal) (G1 Evacuation Pause) 186M->140M(1024M) 11,362ms
[2020-02-05T18:06:13.455+0200][gc,cpu        ] GC(3) User=0,03s Sys=0,00s Real=0,01s
