[2020-02-05T16:18:00.635+0200][gc,heap] Heap region size: 1M
[2020-02-05T16:18:00.648+0200][gc     ] Using G1
[2020-02-05T16:18:00.648+0200][gc,heap,coops] Heap address: 0x00000000c0000000, size: 1024 MB, Compressed Oops mode: 32-bit
[2020-02-05T16:18:00.648+0200][gc,cds       ] Mark closed archive regions in map: [0x00000000fff00000, 0x00000000fff69ff8]
[2020-02-05T16:18:00.648+0200][gc,cds       ] Mark open archive regions in map: [0x00000000ffe00000, 0x00000000ffe46ff8]
[2020-02-05T16:18:05.630+0200][gc,heap,exit ] Heap
[2020-02-05T16:18:05.630+0200][gc,heap,exit ]  garbage-first heap   total 1048576K, used 41668K [0x00000000c0000000, 0x0000000100000000)
[2020-02-05T16:18:05.630+0200][gc,heap,exit ]   region size 1024K, 41 young (41984K), 0 survivors (0K)
[2020-02-05T16:18:05.630+0200][gc,heap,exit ]  Metaspace       used 13896K, capacity 14345K, committed 14464K, reserved 1060864K
[2020-02-05T16:18:05.630+0200][gc,heap,exit ]   class space    used 1924K, capacity 2100K, committed 2176K, reserved 1048576K
