[2020-02-05T16:18:38.415+0200][gc,heap] Heap region size: 1M
[2020-02-05T16:18:38.426+0200][gc     ] Using G1
[2020-02-05T16:18:38.426+0200][gc,heap,coops] Heap address: 0x00000000c0000000, size: 1024 MB, Compressed Oops mode: 32-bit
[2020-02-05T16:18:38.427+0200][gc,cds       ] Mark closed archive regions in map: [0x00000000fff00000, 0x00000000fff69ff8]
[2020-02-05T16:18:38.427+0200][gc,cds       ] Mark open archive regions in map: [0x00000000ffe00000, 0x00000000ffe46ff8]
[2020-02-05T16:18:40.118+0200][gc,start     ] GC(0) Pause Young (Normal) (G1 Evacuation Pause)
[2020-02-05T16:18:40.119+0200][gc,task      ] GC(0) Using 4 workers of 4 for evacuation
[2020-02-05T16:18:40.133+0200][gc,phases    ] GC(0)   Pre Evacuate Collection Set: 0,0ms
[2020-02-05T16:18:40.133+0200][gc,phases    ] GC(0)   Evacuate Collection Set: 13,4ms
[2020-02-05T16:18:40.134+0200][gc,phases    ] GC(0)   Post Evacuate Collection Set: 1,0ms
[2020-02-05T16:18:40.134+0200][gc,phases    ] GC(0)   Other: 0,9ms
[2020-02-05T16:18:40.134+0200][gc,heap      ] GC(0) Eden regions: 51->0(44)
[2020-02-05T16:18:40.134+0200][gc,heap      ] GC(0) Survivor regions: 0->7(7)
[2020-02-05T16:18:40.134+0200][gc,heap      ] GC(0) Old regions: 2->2
[2020-02-05T16:18:40.134+0200][gc,heap      ] GC(0) Humongous regions: 0->0
[2020-02-05T16:18:40.134+0200][gc,metaspace ] GC(0) Metaspace: 16989K->16989K(1064960K)
[2020-02-05T16:18:40.134+0200][gc           ] GC(0) Pause Young (Normal) (G1 Evacuation Pause) 51M->6M(1024M) 15,432ms
[2020-02-05T16:18:40.134+0200][gc,cpu       ] GC(0) User=0,05s Sys=0,00s Real=0,02s
[2020-02-05T16:18:40.552+0200][gc,start     ] GC(1) Pause Young (Concurrent Start) (Metadata GC Threshold)
[2020-02-05T16:18:40.552+0200][gc,task      ] GC(1) Using 4 workers of 4 for evacuation
[2020-02-05T16:18:40.565+0200][gc,phases    ] GC(1)   Pre Evacuate Collection Set: 0,1ms
[2020-02-05T16:18:40.565+0200][gc,phases    ] GC(1)   Evacuate Collection Set: 12,0ms
[2020-02-05T16:18:40.565+0200][gc,phases    ] GC(1)   Post Evacuate Collection Set: 0,5ms
[2020-02-05T16:18:40.565+0200][gc,phases    ] GC(1)   Other: 0,4ms
[2020-02-05T16:18:40.565+0200][gc,heap      ] GC(1) Eden regions: 15->0(49)
[2020-02-05T16:18:40.565+0200][gc,heap      ] GC(1) Survivor regions: 7->2(7)
[2020-02-05T16:18:40.565+0200][gc,heap      ] GC(1) Old regions: 2->8
[2020-02-05T16:18:40.565+0200][gc,heap      ] GC(1) Humongous regions: 129->129
[2020-02-05T16:18:40.565+0200][gc,metaspace ] GC(1) Metaspace: 20407K->20407K(1067008K)
[2020-02-05T16:18:40.565+0200][gc           ] GC(1) Pause Young (Concurrent Start) (Metadata GC Threshold) 150M->137M(1024M) 13,101ms
[2020-02-05T16:18:40.565+0200][gc,cpu       ] GC(1) User=0,04s Sys=0,00s Real=0,01s
[2020-02-05T16:18:40.565+0200][gc           ] GC(2) Concurrent Cycle
[2020-02-05T16:18:40.565+0200][gc,marking   ] GC(2) Concurrent Clear Claimed Marks
[2020-02-05T16:18:40.565+0200][gc,marking   ] GC(2) Concurrent Clear Claimed Marks 0,088ms
[2020-02-05T16:18:40.565+0200][gc,marking   ] GC(2) Concurrent Scan Root Regions
[2020-02-05T16:18:40.567+0200][gc,marking   ] GC(2) Concurrent Scan Root Regions 1,180ms
[2020-02-05T16:18:40.567+0200][gc,marking   ] GC(2) Concurrent Mark (2,158s)
[2020-02-05T16:18:40.567+0200][gc,marking   ] GC(2) Concurrent Mark From Roots
[2020-02-05T16:18:40.567+0200][gc,task      ] GC(2) Using 1 workers of 1 for marking
[2020-02-05T16:18:40.585+0200][gc,marking   ] GC(2) Concurrent Mark From Roots 17,979ms
[2020-02-05T16:18:40.585+0200][gc,marking   ] GC(2) Concurrent Preclean
[2020-02-05T16:18:40.585+0200][gc,marking   ] GC(2) Concurrent Preclean 0,098ms
[2020-02-05T16:18:40.585+0200][gc,marking   ] GC(2) Concurrent Mark (2,158s, 2,176s) 18,152ms
[2020-02-05T16:18:40.585+0200][gc,start     ] GC(2) Pause Remark
[2020-02-05T16:18:40.588+0200][gc,stringtable] GC(2) Cleaned string and symbol table, strings: 4903 processed, 0 removed, symbols: 49703 processed, 47 removed
[2020-02-05T16:18:40.588+0200][gc            ] GC(2) Pause Remark 138M->138M(1024M) 3,217ms
[2020-02-05T16:18:40.588+0200][gc,cpu        ] GC(2) User=0,01s Sys=0,00s Real=0,00s
[2020-02-05T16:18:40.588+0200][gc,marking    ] GC(2) Concurrent Rebuild Remembered Sets
[2020-02-05T16:18:40.596+0200][gc,marking    ] GC(2) Concurrent Rebuild Remembered Sets 7,408ms
[2020-02-05T16:18:40.596+0200][gc,start      ] GC(2) Pause Cleanup
[2020-02-05T16:18:40.596+0200][gc            ] GC(2) Pause Cleanup 138M->138M(1024M) 0,301ms
[2020-02-05T16:18:40.596+0200][gc,cpu        ] GC(2) User=0,00s Sys=0,00s Real=0,00s
[2020-02-05T16:18:40.596+0200][gc,marking    ] GC(2) Concurrent Cleanup for Next Mark
[2020-02-05T16:18:40.605+0200][gc,marking    ] GC(2) Concurrent Cleanup for Next Mark 9,139ms
[2020-02-05T16:18:40.605+0200][gc            ] GC(2) Concurrent Cycle 40,096ms
[2020-02-05T16:28:38.216+0200][gc,start      ] GC(3) Pause Young (Normal) (G1 Evacuation Pause)
[2020-02-05T16:28:38.216+0200][gc,task       ] GC(3) Using 4 workers of 4 for evacuation
[2020-02-05T16:28:38.229+0200][gc,phases     ] GC(3)   Pre Evacuate Collection Set: 0,0ms
[2020-02-05T16:28:38.229+0200][gc,phases     ] GC(3)   Evacuate Collection Set: 12,4ms
[2020-02-05T16:28:38.229+0200][gc,phases     ] GC(3)   Post Evacuate Collection Set: 0,8ms
[2020-02-05T16:28:38.229+0200][gc,phases     ] GC(3)   Other: 0,4ms
[2020-02-05T16:28:38.229+0200][gc,heap       ] GC(3) Eden regions: 49->0(46)
[2020-02-05T16:28:38.229+0200][gc,heap       ] GC(3) Survivor regions: 2->5(7)
[2020-02-05T16:28:38.229+0200][gc,heap       ] GC(3) Old regions: 8->8
[2020-02-05T16:28:38.230+0200][gc,heap       ] GC(3) Humongous regions: 129->129
[2020-02-05T16:28:38.230+0200][gc,metaspace  ] GC(3) Metaspace: 29318K->29318K(1075200K)
[2020-02-05T16:28:38.230+0200][gc            ] GC(3) Pause Young (Normal) (G1 Evacuation Pause) 186M->140M(1024M) 13,695ms
[2020-02-05T16:28:38.230+0200][gc,cpu        ] GC(3) User=0,05s Sys=0,00s Real=0,02s
[2020-02-05T17:48:25.797+0200][gc,start      ] GC(4) Pause Young (Normal) (G1 Evacuation Pause)
[2020-02-05T17:48:25.799+0200][gc,task       ] GC(4) Using 4 workers of 4 for evacuation
[2020-02-05T17:48:25.811+0200][gc,phases     ] GC(4)   Pre Evacuate Collection Set: 0,0ms
[2020-02-05T17:48:25.811+0200][gc,phases     ] GC(4)   Evacuate Collection Set: 11,3ms
[2020-02-05T17:48:25.811+0200][gc,phases     ] GC(4)   Post Evacuate Collection Set: 0,6ms
[2020-02-05T17:48:25.811+0200][gc,phases     ] GC(4)   Other: 2,4ms
[2020-02-05T17:48:25.811+0200][gc,heap       ] GC(4) Eden regions: 46->0(47)
[2020-02-05T17:48:25.811+0200][gc,heap       ] GC(4) Survivor regions: 5->4(7)
[2020-02-05T17:48:25.811+0200][gc,heap       ] GC(4) Old regions: 8->10
[2020-02-05T17:48:25.811+0200][gc,heap       ] GC(4) Humongous regions: 129->129
[2020-02-05T17:48:25.811+0200][gc,metaspace  ] GC(4) Metaspace: 29709K->29709K(1075200K)
[2020-02-05T17:48:25.812+0200][gc            ] GC(4) Pause Young (Normal) (G1 Evacuation Pause) 186M->140M(1024M) 14,456ms
[2020-02-05T17:48:25.812+0200][gc,cpu        ] GC(4) User=0,05s Sys=0,00s Real=0,02s
[2020-02-05T17:54:45.246+0200][gc,heap,exit  ] Heap
[2020-02-05T17:54:45.248+0200][gc,heap,exit  ]  garbage-first heap   total 1048576K, used 156200K [0x00000000c0000000, 0x0000000100000000)
[2020-02-05T17:54:45.248+0200][gc,heap,exit  ]   region size 1024K, 17 young (17408K), 4 survivors (4096K)
[2020-02-05T17:54:45.248+0200][gc,heap,exit  ]  Metaspace       used 30578K, capacity 32073K, committed 32128K, reserved 1077248K
[2020-02-05T17:54:45.248+0200][gc,heap,exit  ]   class space    used 4249K, capacity 4962K, committed 4992K, reserved 1048576K
